[2026-09-09 19:14:08,775] INFO [SnapshotGenerator id=1] Creating new KRaft snapshot file snapshot 00000000000000010666-0000000003 because we have waited at least 60 minute(s). (org.apache.kafka.image.publisher.SnapshotGenerator)
[2026-09-09 19:14:08,975] INFO [SnapshotEmitter id=1] Successfully wrote snapshot 00000000000000010666-0000000003 (org.apache.kafka.image.publisher.SnapshotEmitter)
[2026-09-09 19:14:22,229] INFO [GroupCoordinator 1]: Member kafka-python-2.3.1-5f4e9599-617c-4096-a56d-d5555607fb47 in group order_status_group has failed, removing it from the group (kafka.coordinator.group.GroupCoordinator)
[2026-09-09 19:14:22,229] INFO [GroupCoordinator 1]: Preparing to rebalance group order_status_group in state PreparingRebalance with old generation 9 (__consumer_offsets-17) (reason: removing member kafka-python-2.3.1-5f4e9599-617c-4096-a56d-d5555607fb47 on heartbeat expiration) (kafka.coordinator.group.GroupCoordinator)
[2026-09-09 19:14:22,245] INFO [GroupCoordinator 1]: Group order_status_group with generation 10 is now empty (__consumer_offsets-17) (kafka.coordinator.group.GroupCoordinator)
[2026-09-09 19:14:23,577] INFO [GroupCoordinator 1]: Member kafka-python-2.3.1-7c089feb-f1bf-4205-931f-f523db852eb3 in group orders_group_v2 has failed, removing it from the group (kafka.coordinator.group.GroupCoordinator)
[2026-09-09 19:14:23,577] INFO [GroupCoordinator 1]: Preparing to rebalance group orders_group_v2 in state PreparingRebalance with old generation 2 (__consumer_offsets-36) (reason: removing member kafka-python-2.3.1-7c089feb-f1bf-4205-931f-f523db852eb3 on heartbeat expiration) (kafka.coordinator.group.GroupCoordinator)
[2026-09-09 19:14:23,577] INFO [GroupCoordinator 1]: Group orders_group_v2 with generation 3 is now empty (__consumer_offsets-36) (kafka.coordinator.group.GroupCoordinator)
[2026-09-09 19:14:32,945] INFO [BrokerServer id=1] Transition from STARTED to SHUTTING_DOWN (kafka.server.BrokerServer)
[2026-09-09 19:14:32,945] INFO [BrokerServer id=1] shutting down (kafka.server.BrokerServer)
[2026-09-09 19:14:32,945] INFO [BrokerLifecycleManager id=1] Beginning controlled shutdown. (kafka.server.BrokerLifecycleManager)
[2026-09-09 19:14:33,039] INFO [BrokerLifecycleManager id=1] The broker is in PENDING_CONTROLLED_SHUTDOWN state, still waiting for the active controller. (kafka.server.BrokerLifecycleManager)
[2026-09-09 19:14:33,065] INFO [ReplicaFetcherManager on broker 1] Removed fetcher for partitions HashSet(__consumer_offsets-22, __consumer_offsets-25, order-status-events-0, orders-status-events-1, orders-retry-0, __consumer_offsets-13, orders-status-dlq-0, orders-2, __consumer_offsets-30, order-status-retry-0, orders-status-dlq-2, __consumer_offsets-21, __consumer_offsets-4, __consumer_offsets-8, orders-0, __consumer_offsets-27, __consumer_offsets-7, orders-dlq-0, __consumer_offsets-9, __consumer_offsets-46, __consumer_offsets-35, orders-1, __consumer_offsets-41, order-status-dlq-0, orders-status-retry-0, __consumer_offsets-33, __consumer_offsets-23, __consumer_offsets-49, orders-dlq-2, __consumer_offsets-47, __consumer_offsets-16, orders-status-events-2, __consumer_offsets-28, __consumer_offsets-31, orders-status-dlq-1, __consumer_offsets-36, orders-retry-1, __consumer_offsets-42, __consumer_offsets-3, __consumer_offsets-18, __consumer_offsets-37, orders-dlq-1, __consumer_offsets-15, __consumer_offsets-24, orders-status-retry-2, __consumer_offsets-38, __consumer_offsets-17, orders-status-events-0, __consumer_offsets-48, __consumer_offsets-19, orders-retry-2, __consumer_offsets-11, __consumer_offsets-2, __consumer_offsets-43, __consumer_offsets-6, __consumer_offsets-14, __consumer_offsets-20, __consumer_offsets-0, __consumer_offsets-44, __consumer_offsets-39, __consumer_offsets-12, __consumer_offsets-45, __consumer_offsets-1, __consumer_offsets-5, __consumer_offsets-26, orders-status-retry-1, __consumer_offsets-29, __consumer_offsets-34, __consumer_offsets-10, __consumer_offsets-32, __consumer_offsets-40) (kafka.server.ReplicaFetcherManager)
[2026-09-09 19:14:33,065] INFO [ReplicaAlterLogDirsManager on broker 1] Removed fetcher for partitions HashSet(__consumer_offsets-22, __consumer_offsets-25, order-status-events-0, orders-status-events-1, orders-retry-0, __consumer_offsets-13, orders-status-dlq-0, orders-2, __consumer_offsets-30, order-status-retry-0, orders-status-dlq-2, __consumer_offsets-21, __consumer_offsets-4, __consumer_offsets-8, orders-0, __consumer_offsets-27, __consumer_offsets-7, orders-dlq-0, __consumer_offsets-9, __consumer_offsets-46, __consumer_offsets-35, orders-1, __consumer_offsets-41, order-status-dlq-0, orders-status-retry-0, __consumer_offsets-33, __consumer_offsets-23, __consumer_offsets-49, orders-dlq-2, __consumer_offsets-47, __consumer_offsets-16, orders-status-events-2, __consumer_offsets-28, __consumer_offsets-31, orders-status-dlq-1, __consumer_offsets-36, orders-retry-1, __consumer_offsets-42, __consumer_offsets-3, __consumer_offsets-18, __consumer_offsets-37, orders-dlq-1, __consumer_offsets-15, __consumer_offsets-24, orders-status-retry-2, __consumer_offsets-38, __consumer_offsets-17, orders-status-events-0, __consumer_offsets-48, __consumer_offsets-19, orders-retry-2, __consumer_offsets-11, __consumer_offsets-2, __consumer_offsets-43, __consumer_offsets-6, __consumer_offsets-14, __consumer_offsets-20, __consumer_offsets-0, __consumer_offsets-44, __consumer_offsets-39, __consumer_offsets-12, __consumer_offsets-45, __consumer_offsets-1, __consumer_offsets-5, __consumer_offsets-26, orders-status-retry-1, __consumer_offsets-29, __consumer_offsets-34, __consumer_offsets-10, __consumer_offsets-32, __consumer_offsets-40) (kafka.server.ReplicaAlterLogDirsManager)
[2026-09-09 19:14:33,065] INFO [GroupCoordinator 1]: Resigned as the group coordinator for partition 13 in epoch OptionalInt[5] (kafka.coordinator.group.GroupCoordinator)
[2026-09-09 19:14:33,065] INFO [GroupMetadataManager brokerId=1] Scheduling unloading of offsets and group metadata from __consumer_offsets-13 (kafka.coordinator.group.GroupMetadataManager)
[2026-09-09 19:14:33,065] INFO [GroupCoordinator 1]: Resigned as the group coordinator for partition 46 in epoch OptionalInt[5] (kafka.coordinator.group.GroupCoordinator)
[2026-09-09 19:14:33,065] INFO [GroupMetadataManager brokerId=1] Scheduling unloading of offsets and group metadata from __consumer_offsets-46 (kafka.coordinator.group.GroupMetadataManager)
[2026-09-09 19:14:33,065] INFO [GroupCoordinator 1]: Resigned as the group coordinator for partition 9 in epoch OptionalInt[5] (kafka.coordinator.group.GroupCoordinator)
[2026-09-09 19:14:33,065] INFO [GroupMetadataManager brokerId=1] Scheduling unloading of offsets and group metadata from __consumer_offsets-9 (kafka.coordinator.group.GroupMetadataManager)
[2026-09-09 19:14:33,065] INFO [GroupCoordinator 1]: Resigned as the group coordinator for partition 42 in epoch OptionalInt[5] (kafka.coordinator.group.GroupCoordinator)
[2026-09-09 19:14:33,065] INFO [GroupMetadataManager brokerId=1] Scheduling unloading of offsets and group metadata from __consumer_offsets-42 (kafka.coordinator.group.GroupMetadataManager)
[2026-09-09 19:14:33,065] INFO [GroupCoordinator 1]: Resigned as the group coordinator for partition 21 in epoch OptionalInt[5] (kafka.coordinator.group.GroupCoordinator)
[2026-09-09 19:14:33,065] INFO [GroupMetadataManager brokerId=1] Scheduling unloading of offsets and group metadata from __consumer_offsets-21 (kafka.coordinator.group.GroupMetadataManager)
[2026-09-09 19:14:33,065] INFO [GroupCoordinator 1]: Resigned as the group coordinator for partition 17 in epoch OptionalInt[5] (kafka.coordinator.group.GroupCoordinator)
[2026-09-09 19:14:33,065] INFO [GroupMetadataManager brokerId=1] Scheduling unloading of offsets and group metadata from __consumer_offsets-17 (kafka.coordinator.group.GroupMetadataManager)
[2026-09-09 19:14:33,065] INFO [GroupCoordinator 1]: Resigned as the group coordinator for partition 30 in epoch OptionalInt[5] (kafka.coordinator.group.GroupCoordinator)
[2026-09-09 19:14:33,065] INFO [GroupMetadataManager brokerId=1] Scheduling unloading of offsets and group metadata from __consumer_offsets-30 (kafka.coordinator.group.GroupMetadataManager)
[2026-09-09 19:14:33,065] INFO [GroupMetadataManager brokerId=1] Finished unloading __consumer_offsets-13 for coordinator epoch OptionalInt[5]. Removed 0 cached offsets and 0 cached groups. (kafka.coordinator.group.GroupMetadataManager)
[2026-09-09 19:14:33,078] INFO [GroupCoordinator 1]: Resigned as the group coordinator for partition 26 in epoch OptionalInt[5] (kafka.coordinator.group.GroupCoordinator)
[2026-09-09 19:14:33,079] INFO [GroupMetadataManager brokerId=1] Scheduling unloading of offsets and group metadata from __consumer_offsets-26 (kafka.coordinator.group.GroupMetadataManager)
[2026-09-09 19:14:33,079] INFO [GroupMetadataManager brokerId=1] Finished unloading __consumer_offsets-46 for coordinator epoch OptionalInt[5]. Removed 0 cached offsets and 0 cached groups. (kafka.coordinator.group.GroupMetadataManager)
[2026-09-09 19:14:33,079] INFO [GroupCoordinator 1]: Resigned as the group coordinator for partition 5 in epoch OptionalInt[5] (kafka.coordinator.group.GroupCoordinator)
[2026-09-09 19:14:33,079] INFO [GroupMetadataManager brokerId=1] Scheduling unloading of offsets and group metadata from __consumer_offsets-5 (kafka.coordinator.group.GroupMetadataManager)
[2026-09-09 19:14:33,079] INFO [GroupMetadataManager brokerId=1] Finished unloading __consumer_offsets-9 for coordinator epoch OptionalInt[5]. Removed 0 cached offsets and 0 cached groups. (kafka.coordinator.group.GroupMetadataManager)
[2026-09-09 19:14:33,079] INFO [GroupCoordinator 1]: Resigned as the group coordinator for partition 38 in epoch OptionalInt[5] (kafka.coordinator.group.GroupCoordinator)
[2026-09-09 19:14:33,079] INFO [GroupMetadataManager brokerId=1] Scheduling unloading of offsets and group metadata from __consumer_offsets-38 (kafka.coordinator.group.GroupMetadataManager)
[2026-09-09 19:14:33,079] INFO [GroupCoordinator 1]: Resigned as the group coordinator for partition 1 in epoch OptionalInt[5] (kafka.coordinator.group.GroupCoordinator)
[2026-09-09 19:14:33,079] INFO [GroupMetadataManager brokerId=1] Scheduling unloading of offsets and group metadata from __consumer_offsets-1 (kafka.coordinator.group.GroupMetadataManager)
[2026-09-09 19:14:33,079] INFO [GroupCoordinator 1]: Resigned as the group coordinator for partition 34 in epoch OptionalInt[5] (kafka.coordinator.group.GroupCoordinator)
[2026-09-09 19:14:33,079] INFO [GroupMetadataManager brokerId=1] Scheduling unloading of offsets and group metadata from __consumer_offsets-34 (kafka.coordinator.group.GroupMetadataManager)
[2026-09-09 19:14:33,079] INFO [GroupCoordinator 1]: Resigned as the group coordinator for partition 16 in epoch OptionalInt[5] (kafka.coordinator.group.GroupCoordinator)
[2026-09-09 19:14:33,079] INFO [GroupMetadataManager brokerId=1] Scheduling unloading of offsets and group metadata from __consumer_offsets-16 (kafka.coordinator.group.GroupMetadataManager)
[2026-09-09 19:14:33,079] INFO [GroupCoordinator 1]: Resigned as the group coordinator for partition 45 in epoch OptionalInt[5] (kafka.coordinator.group.GroupCoordinator)
[2026-09-09 19:14:33,079] INFO [GroupMetadataManager brokerId=1] Scheduling unloading of offsets and group metadata from __consumer_offsets-45 (kafka.coordinator.group.GroupMetadataManager)
[2026-09-09 19:14:33,079] INFO [GroupCoordinator 1]: Resigned as the group coordinator for partition 12 in epoch OptionalInt[5] (kafka.coordinator.group.GroupCoordinator)
[2026-09-09 19:14:33,080] INFO [GroupMetadataManager brokerId=1] Scheduling unloading of offsets and group metadata from __consumer_offsets-12 (kafka.coordinator.group.GroupMetadataManager)
[2026-09-09 19:14:33,079] INFO [GroupMetadataManager brokerId=1] Finished unloading __consumer_offsets-42 for coordinator epoch OptionalInt[5]. Removed 0 cached offsets and 0 cached groups. (kafka.coordinator.group.GroupMetadataManager)
[2026-09-09 19:14:33,080] INFO [GroupCoordinator 1]: Resigned as the group coordinator for partition 41 in epoch OptionalInt[5] (kafka.coordinator.group.GroupCoordinator)
[2026-09-09 19:14:33,080] INFO [GroupMetadataManager brokerId=1] Scheduling unloading of offsets and group metadata from __consumer_offsets-41 (kafka.coordinator.group.GroupMetadataManager)
[2026-09-09 19:14:33,080] INFO [GroupCoordinator 1]: Resigned as the group coordinator for partition 24 in epoch OptionalInt[5] (kafka.coordinator.group.GroupCoordinator)
[2026-09-09 19:14:33,080] INFO [GroupMetadataManager brokerId=1] Scheduling unloading of offsets and group metadata from __consumer_offsets-24 (kafka.coordinator.group.GroupMetadataManager)
[2026-09-09 19:14:33,080] INFO [GroupCoordinator 1]: Resigned as the group coordinator for partition 20 in epoch OptionalInt[5] (kafka.coordinator.group.GroupCoordinator)
[2026-09-09 19:14:33,080] INFO [GroupMetadataManager brokerId=1] Scheduling unloading of offsets and group metadata from __consumer_offsets-20 (kafka.coordinator.group.GroupMetadataManager)
[2026-09-09 19:14:33,080] INFO [GroupCoordinator 1]: Resigned as the group coordinator for partition 49 in epoch OptionalInt[5] (kafka.coordinator.group.GroupCoordinator)
[2026-09-09 19:14:33,081] INFO [GroupMetadataManager brokerId=1] Scheduling unloading of offsets and group metadata from __consumer_offsets-49 (kafka.coordinator.group.GroupMetadataManager)
[2026-09-09 19:14:33,080] INFO [GroupMetadataManager brokerId=1] Finished unloading __consumer_offsets-21 for coordinator epoch OptionalInt[5]. Removed 0 cached offsets and 0 cached groups. (kafka.coordinator.group.GroupMetadataManager)
[2026-09-09 19:14:33,081] INFO [GroupCoordinator 1]: Resigned as the group coordinator for partition 0 in epoch OptionalInt[5] (kafka.coordinator.group.GroupCoordinator)
[2026-09-09 19:14:33,081] INFO [GroupMetadataManager brokerId=1] Scheduling unloading of offsets and group metadata from __consumer_offsets-0 (kafka.coordinator.group.GroupMetadataManager)
[2026-09-09 19:14:33,081] INFO [GroupCoordinator 1]: Resigned as the group coordinator for partition 29 in epoch OptionalInt[5] (kafka.coordinator.group.GroupCoordinator)
[2026-09-09 19:14:33,081] INFO [GroupMetadataManager brokerId=1] Scheduling unloading of offsets and group metadata from __consumer_offsets-29 (kafka.coordinator.group.GroupMetadataManager)
[2026-09-09 19:14:33,081] INFO [GroupCoordinator 1]: Resigned as the group coordinator for partition 25 in epoch OptionalInt[5] (kafka.coordinator.group.GroupCoordinator)
[2026-09-09 19:14:33,081] INFO [GroupMetadataManager brokerId=1] Scheduling unloading of offsets and group metadata from __consumer_offsets-25 (kafka.coordinator.group.GroupMetadataManager)
[2026-09-09 19:14:33,081] INFO [GroupCoordinator 1]: Resigned as the group coordinator for partition 8 in epoch OptionalInt[5] (kafka.coordinator.group.GroupCoordinator)
[2026-09-09 19:14:33,081] INFO [GroupMetadataManager brokerId=1] Scheduling unloading of offsets and group metadata from __consumer_offsets-8 (kafka.coordinator.group.GroupMetadataManager)
[2026-09-09 19:14:33,081] INFO [GroupCoordinator 1]: Resigned as the group coordinator for partition 37 in epoch OptionalInt[5] (kafka.coordinator.group.GroupCoordinator)
[2026-09-09 19:14:33,081] INFO [GroupMetadataManager brokerId=1] Scheduling unloading of offsets and group metadata from __consumer_offsets-37 (kafka.coordinator.group.GroupMetadataManager)
[2026-09-09 19:14:33,081] INFO [GroupCoordinator 1]: Resigned as the group coordinator for partition 4 in epoch OptionalInt[5] (kafka.coordinator.group.GroupCoordinator)
[2026-09-09 19:14:33,081] INFO [GroupMetadataManager brokerId=1] Scheduling unloading of offsets and group metadata from __consumer_offsets-4 (kafka.coordinator.group.GroupMetadataManager)
[2026-09-09 19:14:33,081] INFO [GroupCoordinator 1]: Resigned as the group coordinator for partition 33 in epoch OptionalInt[5] (kafka.coordinator.group.GroupCoordinator)
[2026-09-09 19:14:33,081] INFO [GroupMetadataManager brokerId=1] Scheduling unloading of offsets and group metadata from __consumer_offsets-33 (kafka.coordinator.group.GroupMetadataManager)
[2026-09-09 19:14:33,081] INFO [GroupCoordinator 1]: Resigned as the group coordinator for partition 15 in epoch OptionalInt[5] (kafka.coordinator.group.GroupCoordinator)
[2026-09-09 19:14:33,081] INFO [GroupMetadataManager brokerId=1] Scheduling unloading of offsets and group metadata from __consumer_offsets-15 (kafka.coordinator.group.GroupMetadataManager)
[2026-09-09 19:14:33,081] INFO [GroupCoordinator 1]: Resigned as the group coordinator for partition 48 in epoch OptionalInt[5] (kafka.coordinator.group.GroupCoordinator)
[2026-09-09 19:14:33,081] INFO [GroupMetadataManager brokerId=1] Scheduling unloading of offsets and group metadata from __consumer_offsets-48 (kafka.coordinator.group.GroupMetadataManager)
[2026-09-09 19:14:33,081] INFO [GroupCoordinator 1]: Resigned as the group coordinator for partition 11 in epoch OptionalInt[5] (kafka.coordinator.group.GroupCoordinator)
[2026-09-09 19:14:33,081] INFO [GroupMetadataManager brokerId=1] Scheduling unloading of offsets and group metadata from __consumer_offsets-11 (kafka.coordinator.group.GroupMetadataManager)
[2026-09-09 19:14:33,081] INFO [GroupCoordinator 1]: Resigned as the group coordinator for partition 44 in epoch OptionalInt[5] (kafka.coordinator.group.GroupCoordinator)
[2026-09-09 19:14:33,081] INFO [GroupMetadataManager brokerId=1] Scheduling unloading of offsets and group metadata from __consumer_offsets-44 (kafka.coordinator.group.GroupMetadataManager)
[2026-09-09 19:14:33,081] INFO [GroupCoordinator 1]: Resigned as the group coordinator for partition 23 in epoch OptionalInt[5] (kafka.coordinator.group.GroupCoordinator)
[2026-09-09 19:14:33,081] INFO [GroupMetadataManager brokerId=1] Scheduling unloading of offsets and group metadata from __consumer_offsets-23 (kafka.coordinator.group.GroupMetadataManager)
[2026-09-09 19:14:33,081] INFO [GroupCoordinator 1]: Resigned as the group coordinator for partition 19 in epoch OptionalInt[5] (kafka.coordinator.group.GroupCoordinator)
[2026-09-09 19:14:33,081] INFO [GroupMetadataManager brokerId=1] Scheduling unloading of offsets and group metadata from __consumer_offsets-19 (kafka.coordinator.group.GroupMetadataManager)
[2026-09-09 19:14:33,081] INFO [GroupCoordinator 1]: Resigned as the group coordinator for partition 32 in epoch OptionalInt[5] (kafka.coordinator.group.GroupCoordinator)
[2026-09-09 19:14:33,081] INFO [GroupMetadataManager brokerId=1] Scheduling unloading of offsets and group metadata from __consumer_offsets-32 (kafka.coordinator.group.GroupMetadataManager)
[2026-09-09 19:14:33,081] INFO [GroupCoordinator 1]: Resigned as the group coordinator for partition 28 in epoch OptionalInt[5] (kafka.coordinator.group.GroupCoordinator)
[2026-09-09 19:14:33,081] INFO [GroupMetadataManager brokerId=1] Scheduling unloading of offsets and group metadata from __consumer_offsets-28 (kafka.coordinator.group.GroupMetadataManager)
[2026-09-09 19:14:33,081] INFO [GroupCoordinator 1]: Resigned as the group coordinator for partition 7 in epoch OptionalInt[5] (kafka.coordinator.group.GroupCoordinator)
[2026-09-09 19:14:33,081] INFO [GroupMetadataManager brokerId=1] Scheduling unloading of offsets and group metadata from __consumer_offsets-7 (kafka.coordinator.group.GroupMetadataManager)
[2026-09-09 19:14:33,081] INFO [GroupCoordinator 1]: Resigned as the group coordinator for partition 40 in epoch OptionalInt[5] (kafka.coordinator.group.GroupCoordinator)
[2026-09-09 19:14:33,081] INFO [GroupMetadataManager brokerId=1] Scheduling unloading of offsets and group metadata from __consumer_offsets-40 (kafka.coordinator.group.GroupMetadataManager)
[2026-09-09 19:14:33,081] INFO [GroupCoordinator 1]: Resigned as the group coordinator for partition 3 in epoch OptionalInt[5] (kafka.coordinator.group.GroupCoordinator)
[2026-09-09 19:14:33,081] INFO [GroupMetadataManager brokerId=1] Scheduling unloading of offsets and group metadata from __consumer_offsets-3 (kafka.coordinator.group.GroupMetadataManager)
[2026-09-09 19:14:33,081] INFO [GroupCoordinator 1]: Resigned as the group coordinator for partition 36 in epoch OptionalInt[5] (kafka.coordinator.group.GroupCoordinator)
[2026-09-09 19:14:33,081] INFO [GroupMetadataManager brokerId=1] Scheduling unloading of offsets and group metadata from __consumer_offsets-36 (kafka.coordinator.group.GroupMetadataManager)
[2026-09-09 19:14:33,081] INFO [GroupCoordinator 1]: Resigned as the group coordinator for partition 47 in epoch OptionalInt[5] (kafka.coordinator.group.GroupCoordinator)
[2026-09-09 19:14:33,081] INFO [GroupMetadataManager brokerId=1] Scheduling unloading of offsets and group metadata from __consumer_offsets-47 (kafka.coordinator.group.GroupMetadataManager)
[2026-09-09 19:14:33,081] INFO [GroupCoordinator 1]: Resigned as the group coordinator for partition 14 in epoch OptionalInt[5] (kafka.coordinator.group.GroupCoordinator)
[2026-09-09 19:14:33,081] INFO [GroupMetadataManager brokerId=1] Scheduling unloading of offsets and group metadata from __consumer_offsets-14 (kafka.coordinator.group.GroupMetadataManager)
[2026-09-09 19:14:33,081] INFO [GroupCoordinator 1]: Resigned as the group coordinator for partition 43 in epoch OptionalInt[5] (kafka.coordinator.group.GroupCoordinator)
[2026-09-09 19:14:33,081] INFO [GroupMetadataManager brokerId=1] Scheduling unloading of offsets and group metadata from __consumer_offsets-43 (kafka.coordinator.group.GroupMetadataManager)
[2026-09-09 19:14:33,081] INFO [GroupCoordinator 1]: Resigned as the group coordinator for partition 10 in epoch OptionalInt[5] (kafka.coordinator.group.GroupCoordinator)
[2026-09-09 19:14:33,081] INFO [GroupMetadataManager brokerId=1] Scheduling unloading of offsets and group metadata from __consumer_offsets-10 (kafka.coordinator.group.GroupMetadataManager)
[2026-09-09 19:14:33,081] INFO [GroupCoordinator 1]: Resigned as the group coordinator for partition 22 in epoch OptionalInt[5] (kafka.coordinator.group.GroupCoordinator)
[2026-09-09 19:14:33,081] INFO [GroupMetadataManager brokerId=1] Scheduling unloading of offsets and group metadata from __consumer_offsets-22 (kafka.coordinator.group.GroupMetadataManager)
[2026-09-09 19:14:33,081] INFO [GroupCoordinator 1]: Unloading group metadata for order_status_group with generation 10 (kafka.coordinator.group.GroupCoordinator)
[2026-09-09 19:14:33,081] INFO [GroupCoordinator 1]: Resigned as the group coordinator for partition 18 in epoch OptionalInt[5] (kafka.coordinator.group.GroupCoordinator)
[2026-09-09 19:14:33,086] INFO [GroupMetadataManager brokerId=1] Scheduling unloading of offsets and group metadata from __consumer_offsets-18 (kafka.coordinator.group.GroupMetadataManager)
[2026-09-09 19:14:33,086] INFO [GroupCoordinator 1]: Resigned as the group coordinator for partition 31 in epoch OptionalInt[5] (kafka.coordinator.group.GroupCoordinator)
[2026-09-09 19:14:33,086] INFO [GroupMetadataManager brokerId=1] Finished unloading __consumer_offsets-17 for coordinator epoch OptionalInt[5]. Removed 2 cached offsets and 1 cached groups. (kafka.coordinator.group.GroupMetadataManager)
[2026-09-09 19:14:33,087] INFO [GroupMetadataManager brokerId=1] Scheduling unloading of offsets and group metadata from __consumer_offsets-31 (kafka.coordinator.group.GroupMetadataManager)
[2026-09-09 19:14:33,087] INFO [GroupCoordinator 1]: Resigned as the group coordinator for partition 27 in epoch OptionalInt[5] (kafka.coordinator.group.GroupCoordinator)
[2026-09-09 19:14:33,087] INFO [GroupMetadataManager brokerId=1] Scheduling unloading of offsets and group metadata from __consumer_offsets-27 (kafka.coordinator.group.GroupMetadataManager)
[2026-09-09 19:14:33,087] INFO [GroupMetadataManager brokerId=1] Finished unloading __consumer_offsets-30 for coordinator epoch OptionalInt[5]. Removed 0 cached offsets and 0 cached groups. (kafka.coordinator.group.GroupMetadataManager)
[2026-09-09 19:14:33,087] INFO [GroupCoordinator 1]: Resigned as the group coordinator for partition 39 in epoch OptionalInt[5] (kafka.coordinator.group.GroupCoordinator)
[2026-09-09 19:14:33,087] INFO [GroupMetadataManager brokerId=1] Scheduling unloading of offsets and group metadata from __consumer_offsets-39 (kafka.coordinator.group.GroupMetadataManager)
[2026-09-09 19:14:33,087] INFO [GroupMetadataManager brokerId=1] Finished unloading __consumer_offsets-26 for coordinator epoch OptionalInt[5]. Removed 0 cached offsets and 0 cached groups. (kafka.coordinator.group.GroupMetadataManager)
[2026-09-09 19:14:33,088] INFO [GroupCoordinator 1]: Resigned as the group coordinator for partition 6 in epoch OptionalInt[5] (kafka.coordinator.group.GroupCoordinator)
[2026-09-09 19:14:33,088] INFO [GroupMetadataManager brokerId=1] Finished unloading __consumer_offsets-5 for coordinator epoch OptionalInt[5]. Removed 0 cached offsets and 0 cached groups. (kafka.coordinator.group.GroupMetadataManager)
[2026-09-09 19:14:33,088] INFO [GroupMetadataManager brokerId=1] Finished unloading __consumer_offsets-38 for coordinator epoch OptionalInt[5]. Removed 0 cached offsets and 0 cached groups. (kafka.coordinator.group.GroupMetadataManager)
[2026-09-09 19:14:33,088] INFO [GroupMetadataManager brokerId=1] Finished unloading __consumer_offsets-1 for coordinator epoch OptionalInt[5]. Removed 0 cached offsets and 0 cached groups. (kafka.coordinator.group.GroupMetadataManager)
[2026-09-09 19:14:33,088] INFO [GroupMetadataManager brokerId=1] Scheduling unloading of offsets and group metadata from __consumer_offsets-6 (kafka.coordinator.group.GroupMetadataManager)
[2026-09-09 19:14:33,088] INFO [GroupMetadataManager brokerId=1] Finished unloading __consumer_offsets-34 for coordinator epoch OptionalInt[5]. Removed 0 cached offsets and 0 cached groups. (kafka.coordinator.group.GroupMetadataManager)
[2026-09-09 19:14:33,088] INFO [GroupCoordinator 1]: Resigned as the group coordinator for partition 35 in epoch OptionalInt[5] (kafka.coordinator.group.GroupCoordinator)
[2026-09-09 19:14:33,088] INFO [GroupMetadataManager brokerId=1] Finished unloading __consumer_offsets-16 for coordinator epoch OptionalInt[5]. Removed 0 cached offsets and 0 cached groups. (kafka.coordinator.group.GroupMetadataManager)
[2026-09-09 19:14:33,088] INFO [GroupMetadataManager brokerId=1] Scheduling unloading of offsets and group metadata from __consumer_offsets-35 (kafka.coordinator.group.GroupMetadataManager)
[2026-09-09 19:14:33,089] INFO [GroupCoordinator 1]: Resigned as the group coordinator for partition 2 in epoch OptionalInt[5] (kafka.coordinator.group.GroupCoordinator)
[2026-09-09 19:14:33,089] INFO [GroupMetadataManager brokerId=1] Scheduling unloading of offsets and group metadata from __consumer_offsets-2 (kafka.coordinator.group.GroupMetadataManager)
[2026-09-09 19:14:33,089] INFO [GroupMetadataManager brokerId=1] Finished unloading __consumer_offsets-45 for coordinator epoch OptionalInt[5]. Removed 0 cached offsets and 0 cached groups. (kafka.coordinator.group.GroupMetadataManager)
[2026-09-09 19:14:33,089] INFO [GroupMetadataManager brokerId=1] Finished unloading __consumer_offsets-12 for coordinator epoch OptionalInt[5]. Removed 0 cached offsets and 0 cached groups. (kafka.coordinator.group.GroupMetadataManager)
[2026-09-09 19:14:33,089] INFO [GroupMetadataManager brokerId=1] Finished unloading __consumer_offsets-41 for coordinator epoch OptionalInt[5]. Removed 0 cached offsets and 0 cached groups. (kafka.coordinator.group.GroupMetadataManager)
[2026-09-09 19:14:33,089] INFO [GroupMetadataManager brokerId=1] Finished unloading __consumer_offsets-24 for coordinator epoch OptionalInt[5]. Removed 0 cached offsets and 0 cached groups. (kafka.coordinator.group.GroupMetadataManager)
[2026-09-09 19:14:33,089] INFO [GroupMetadataManager brokerId=1] Finished unloading __consumer_offsets-20 for coordinator epoch OptionalInt[5]. Removed 0 cached offsets and 0 cached groups. (kafka.coordinator.group.GroupMetadataManager)
[2026-09-09 19:14:33,089] INFO [GroupMetadataManager brokerId=1] Finished unloading __consumer_offsets-49 for coordinator epoch OptionalInt[5]. Removed 0 cached offsets and 0 cached groups. (kafka.coordinator.group.GroupMetadataManager)
[2026-09-09 19:14:33,089] INFO [GroupMetadataManager brokerId=1] Finished unloading __consumer_offsets-0 for coordinator epoch OptionalInt[5]. Removed 0 cached offsets and 0 cached groups. (kafka.coordinator.group.GroupMetadataManager)
[2026-09-09 19:14:33,089] INFO [GroupMetadataManager brokerId=1] Finished unloading __consumer_offsets-29 for coordinator epoch OptionalInt[5]. Removed 0 cached offsets and 0 cached groups. (kafka.coordinator.group.GroupMetadataManager)
[2026-09-09 19:14:33,089] INFO [GroupMetadataManager brokerId=1] Finished unloading __consumer_offsets-25 for coordinator epoch OptionalInt[5]. Removed 0 cached offsets and 0 cached groups. (kafka.coordinator.group.GroupMetadataManager)
[2026-09-09 19:14:33,089] INFO [GroupMetadataManager brokerId=1] Finished unloading __consumer_offsets-8 for coordinator epoch OptionalInt[5]. Removed 0 cached offsets and 0 cached groups. (kafka.coordinator.group.GroupMetadataManager)
[2026-09-09 19:14:33,089] INFO [GroupMetadataManager brokerId=1] Finished unloading __consumer_offsets-37 for coordinator epoch OptionalInt[5]. Removed 0 cached offsets and 0 cached groups. (kafka.coordinator.group.GroupMetadataManager)
[2026-09-09 19:14:33,089] INFO [GroupMetadataManager brokerId=1] Finished unloading __consumer_offsets-4 for coordinator epoch OptionalInt[5]. Removed 0 cached offsets and 0 cached groups. (kafka.coordinator.group.GroupMetadataManager)
[2026-09-09 19:14:33,089] INFO [GroupMetadataManager brokerId=1] Finished unloading __consumer_offsets-33 for coordinator epoch OptionalInt[5]. Removed 0 cached offsets and 0 cached groups. (kafka.coordinator.group.GroupMetadataManager)
[2026-09-09 19:14:33,089] INFO [GroupMetadataManager brokerId=1] Finished unloading __consumer_offsets-15 for coordinator epoch OptionalInt[5]. Removed 0 cached offsets and 0 cached groups. (kafka.coordinator.group.GroupMetadataManager)
[2026-09-09 19:14:33,089] INFO [GroupMetadataManager brokerId=1] Finished unloading __consumer_offsets-48 for coordinator epoch OptionalInt[5]. Removed 0 cached offsets and 0 cached groups. (kafka.coordinator.group.GroupMetadataManager)
[2026-09-09 19:14:33,089] INFO [GroupMetadataManager brokerId=1] Finished unloading __consumer_offsets-11 for coordinator epoch OptionalInt[5]. Removed 0 cached offsets and 0 cached groups. (kafka.coordinator.group.GroupMetadataManager)
[2026-09-09 19:14:33,089] INFO [GroupMetadataManager brokerId=1] Finished unloading __consumer_offsets-44 for coordinator epoch OptionalInt[5]. Removed 0 cached offsets and 0 cached groups. (kafka.coordinator.group.GroupMetadataManager)
[2026-09-09 19:14:33,089] INFO [GroupMetadataManager brokerId=1] Finished unloading __consumer_offsets-23 for coordinator epoch OptionalInt[5]. Removed 0 cached offsets and 0 cached groups. (kafka.coordinator.group.GroupMetadataManager)
[2026-09-09 19:14:33,089] INFO [GroupMetadataManager brokerId=1] Finished unloading __consumer_offsets-19 for coordinator epoch OptionalInt[5]. Removed 0 cached offsets and 0 cached groups. (kafka.coordinator.group.GroupMetadataManager)
[2026-09-09 19:14:33,089] INFO [GroupMetadataManager brokerId=1] Finished unloading __consumer_offsets-32 for coordinator epoch OptionalInt[5]. Removed 0 cached offsets and 0 cached groups. (kafka.coordinator.group.GroupMetadataManager)
[2026-09-09 19:14:33,089] INFO [GroupMetadataManager brokerId=1] Finished unloading __consumer_offsets-28 for coordinator epoch OptionalInt[5]. Removed 0 cached offsets and 0 cached groups. (kafka.coordinator.group.GroupMetadataManager)
[2026-09-09 19:14:33,089] INFO [GroupMetadataManager brokerId=1] Finished unloading __consumer_offsets-7 for coordinator epoch OptionalInt[5]. Removed 0 cached offsets and 0 cached groups. (kafka.coordinator.group.GroupMetadataManager)
[2026-09-09 19:14:33,089] INFO [GroupMetadataManager brokerId=1] Finished unloading __consumer_offsets-40 for coordinator epoch OptionalInt[5]. Removed 0 cached offsets and 0 cached groups. (kafka.coordinator.group.GroupMetadataManager)
[2026-09-09 19:14:33,089] INFO [GroupMetadataManager brokerId=1] Finished unloading __consumer_offsets-3 for coordinator epoch OptionalInt[5]. Removed 0 cached offsets and 0 cached groups. (kafka.coordinator.group.GroupMetadataManager)
[2026-09-09 19:14:33,089] INFO [GroupCoordinator 1]: Unloading group metadata for orders_group_v2 with generation 3 (kafka.coordinator.group.GroupCoordinator)
[2026-09-09 19:14:33,089] INFO [GroupMetadataManager brokerId=1] Finished unloading __consumer_offsets-36 for coordinator epoch OptionalInt[5]. Removed 6 cached offsets and 1 cached groups. (kafka.coordinator.group.GroupMetadataManager)
[2026-09-09 19:14:33,089] INFO [GroupMetadataManager brokerId=1] Finished unloading __consumer_offsets-47 for coordinator epoch OptionalInt[5]. Removed 0 cached offsets and 0 cached groups. (kafka.coordinator.group.GroupMetadataManager)
[2026-09-09 19:14:33,089] INFO [GroupMetadataManager brokerId=1] Finished unloading __consumer_offsets-14 for coordinator epoch OptionalInt[5]. Removed 0 cached offsets and 0 cached groups. (kafka.coordinator.group.GroupMetadataManager)
[2026-09-09 19:14:33,089] INFO [GroupMetadataManager brokerId=1] Finished unloading __consumer_offsets-43 for coordinator epoch OptionalInt[5]. Removed 0 cached offsets and 0 cached groups. (kafka.coordinator.group.GroupMetadataManager)
[2026-09-09 19:14:33,089] INFO [GroupMetadataManager brokerId=1] Finished unloading __consumer_offsets-10 for coordinator epoch OptionalInt[5]. Removed 0 cached offsets and 0 cached groups. (kafka.coordinator.group.GroupMetadataManager)
[2026-09-09 19:14:33,089] INFO [GroupMetadataManager brokerId=1] Finished unloading __consumer_offsets-22 for coordinator epoch OptionalInt[5]. Removed 0 cached offsets and 0 cached groups. (kafka.coordinator.group.GroupMetadataManager)
[2026-09-09 19:14:33,089] INFO [GroupMetadataManager brokerId=1] Finished unloading __consumer_offsets-18 for coordinator epoch OptionalInt[5]. Removed 0 cached offsets and 0 cached groups. (kafka.coordinator.group.GroupMetadataManager)
[2026-09-09 19:14:33,089] INFO [GroupMetadataManager brokerId=1] Finished unloading __consumer_offsets-31 for coordinator epoch OptionalInt[5]. Removed 0 cached offsets and 0 cached groups. (kafka.coordinator.group.GroupMetadataManager)
[2026-09-09 19:14:33,089] INFO [GroupMetadataManager brokerId=1] Finished unloading __consumer_offsets-27 for coordinator epoch OptionalInt[5]. Removed 0 cached offsets and 0 cached groups. (kafka.coordinator.group.GroupMetadataManager)
[2026-09-09 19:14:33,089] INFO [GroupMetadataManager brokerId=1] Finished unloading __consumer_offsets-39 for coordinator epoch OptionalInt[5]. Removed 0 cached offsets and 0 cached groups. (kafka.coordinator.group.GroupMetadataManager)
[2026-09-09 19:14:33,089] INFO [GroupMetadataManager brokerId=1] Finished unloading __consumer_offsets-6 for coordinator epoch OptionalInt[5]. Removed 0 cached offsets and 0 cached groups. (kafka.coordinator.group.GroupMetadataManager)
[2026-09-09 19:14:33,089] INFO [GroupMetadataManager brokerId=1] Finished unloading __consumer_offsets-35 for coordinator epoch OptionalInt[5]. Removed 0 cached offsets and 0 cached groups. (kafka.coordinator.group.GroupMetadataManager)
[2026-09-09 19:14:33,089] INFO [GroupMetadataManager brokerId=1] Finished unloading __consumer_offsets-2 for coordinator epoch OptionalInt[5]. Removed 0 cached offsets and 0 cached groups. (kafka.coordinator.group.GroupMetadataManager)
[2026-09-09 19:14:33,137] INFO [BrokerLifecycleManager id=1] The controller has asked us to exit controlled shutdown. (kafka.server.BrokerLifecycleManager)
[2026-09-09 19:14:33,137] INFO [BrokerLifecycleManager id=1] beginShutdown: shutting down event queue. (org.apache.kafka.queue.KafkaEventQueue)
[2026-09-09 19:14:33,137] INFO [BrokerLifecycleManager id=1] Transitioning from PENDING_CONTROLLED_SHUTDOWN to SHUTTING_DOWN. (kafka.server.BrokerLifecycleManager)
[2026-09-09 19:14:33,137] INFO [broker-1-to-controller-heartbeat-channel-manager]: Shutting down (kafka.server.NodeToControllerRequestThread)
[2026-09-09 19:14:33,139] INFO [broker-1-to-controller-heartbeat-channel-manager]: Shutdown completed (kafka.server.NodeToControllerRequestThread)
[2026-09-09 19:14:33,139] INFO [broker-1-to-controller-heartbeat-channel-manager]: Stopped (kafka.server.NodeToControllerRequestThread)
[2026-09-09 19:14:33,146] INFO [SocketServer listenerType=BROKER, nodeId=1] Stopping socket server request processors (kafka.network.SocketServer)
[2026-09-09 19:14:33,171] INFO Node to controller channel manager for heartbeat shutdown (kafka.server.NodeToControllerChannelManagerImpl)
[2026-09-09 19:14:33,174] INFO [SocketServer listenerType=BROKER, nodeId=1] Stopped socket server request processors (kafka.network.SocketServer)
[2026-09-09 19:14:33,186] INFO [data-plane Kafka Request Handler on Broker 1], shutting down (kafka.server.KafkaRequestHandlerPool)
[2026-09-09 19:14:33,186] INFO [data-plane Kafka Request Handler on Broker 1], shut down completely (kafka.server.KafkaRequestHandlerPool)
[2026-09-09 19:14:33,186] INFO [ExpirationReaper-1-AlterAcls]: Shutting down (kafka.server.DelayedOperationPurgatory$ExpiredOperationReaper)
[2026-09-09 19:14:33,186] INFO [ExpirationReaper-1-AlterAcls]: Stopped (kafka.server.DelayedOperationPurgatory$ExpiredOperationReaper)
[2026-09-09 19:14:33,186] INFO [ExpirationReaper-1-AlterAcls]: Shutdown completed (kafka.server.DelayedOperationPurgatory$ExpiredOperationReaper)
[2026-09-09 19:14:33,197] INFO [KafkaApi-1] Shutdown complete. (kafka.server.KafkaApis)
[2026-09-09 19:14:33,197] INFO [TransactionCoordinator id=1] Shutting down. (kafka.coordinator.transaction.TransactionCoordinator)
[2026-09-09 19:14:33,210] INFO [Transaction State Manager 1]: Shutdown complete (kafka.coordinator.transaction.TransactionStateManager)
[2026-09-09 19:14:33,210] INFO [TxnMarkerSenderThread-1]: Shutting down (kafka.coordinator.transaction.TransactionMarkerChannelManager)
[2026-09-09 19:14:33,210] INFO [TxnMarkerSenderThread-1]: Shutdown completed (kafka.coordinator.transaction.TransactionMarkerChannelManager)
[2026-09-09 19:14:33,210] INFO [TxnMarkerSenderThread-1]: Stopped (kafka.coordinator.transaction.TransactionMarkerChannelManager)
[2026-09-09 19:14:33,214] INFO [TransactionCoordinator id=1] Shutdown complete. (kafka.coordinator.transaction.TransactionCoordinator)
[2026-09-09 19:14:33,214] INFO [GroupCoordinator 1]: Shutting down. (kafka.coordinator.group.GroupCoordinator)
[2026-09-09 19:14:33,214] INFO [ExpirationReaper-1-Heartbeat]: Shutting down (kafka.server.DelayedOperationPurgatory$ExpiredOperationReaper)
[2026-09-09 19:14:33,214] INFO [ExpirationReaper-1-Heartbeat]: Stopped (kafka.server.DelayedOperationPurgatory$ExpiredOperationReaper)
[2026-09-09 19:14:33,214] INFO [ExpirationReaper-1-Heartbeat]: Shutdown completed (kafka.server.DelayedOperationPurgatory$ExpiredOperationReaper)
[2026-09-09 19:14:33,220] INFO [ExpirationReaper-1-Rebalance]: Shutting down (kafka.server.DelayedOperationPurgatory$ExpiredOperationReaper)
[2026-09-09 19:14:33,220] INFO [ExpirationReaper-1-Rebalance]: Stopped (kafka.server.DelayedOperationPurgatory$ExpiredOperationReaper)
[2026-09-09 19:14:33,220] INFO [ExpirationReaper-1-Rebalance]: Shutdown completed (kafka.server.DelayedOperationPurgatory$ExpiredOperationReaper)
[2026-09-09 19:14:33,220] INFO [GroupCoordinator 1]: Shutdown complete. (kafka.coordinator.group.GroupCoordinator)
[2026-09-09 19:14:33,220] INFO [AssignmentsManager id=1]KafkaEventQueue#close: shutting down event queue. (org.apache.kafka.queue.KafkaEventQueue)
[2026-09-09 19:14:33,220] INFO [broker-1-to-controller-directory-assignments-channel-manager]: Shutting down (kafka.server.NodeToControllerRequestThread)
[2026-09-09 19:14:33,220] INFO [broker-1-to-controller-directory-assignments-channel-manager]: Stopped (kafka.server.NodeToControllerRequestThread)
[2026-09-09 19:14:33,220] INFO [broker-1-to-controller-directory-assignments-channel-manager]: Shutdown completed (kafka.server.NodeToControllerRequestThread)
[2026-09-09 19:14:33,227] INFO Node to controller channel manager for directory-assignments shutdown (kafka.server.NodeToControllerChannelManagerImpl)
[2026-09-09 19:14:33,227] INFO [AssignmentsManager id=1]closed event queue. (org.apache.kafka.queue.KafkaEventQueue)
[2026-09-09 19:14:33,227] INFO [ReplicaManager broker=1] Shutting down (kafka.server.ReplicaManager)
[2026-09-09 19:14:33,227] INFO [LogDirFailureHandler]: Shutting down (kafka.server.ReplicaManager$LogDirFailureHandler)
[2026-09-09 19:14:33,227] INFO [LogDirFailureHandler]: Shutdown completed (kafka.server.ReplicaManager$LogDirFailureHandler)
[2026-09-09 19:14:33,227] INFO [LogDirFailureHandler]: Stopped (kafka.server.ReplicaManager$LogDirFailureHandler)
[2026-09-09 19:14:33,231] INFO [ReplicaFetcherManager on broker 1] shutting down (kafka.server.ReplicaFetcherManager)
[2026-09-09 19:14:33,231] INFO [ReplicaFetcherManager on broker 1] shutdown completed (kafka.server.ReplicaFetcherManager)
[2026-09-09 19:14:33,231] INFO [ReplicaAlterLogDirsManager on broker 1] shutting down (kafka.server.ReplicaAlterLogDirsManager)
[2026-09-09 19:14:33,231] INFO [ReplicaAlterLogDirsManager on broker 1] shutdown completed (kafka.server.ReplicaAlterLogDirsManager)
[2026-09-09 19:14:33,231] INFO [ExpirationReaper-1-Fetch]: Shutting down (kafka.server.DelayedOperationPurgatory$ExpiredOperationReaper)
[2026-09-09 19:14:33,231] INFO [ExpirationReaper-1-Fetch]: Stopped (kafka.server.DelayedOperationPurgatory$ExpiredOperationReaper)
[2026-09-09 19:14:33,231] INFO [ExpirationReaper-1-Fetch]: Shutdown completed (kafka.server.DelayedOperationPurgatory$ExpiredOperationReaper)
[2026-09-09 19:14:33,236] INFO [ExpirationReaper-1-RemoteFetch]: Shutting down (kafka.server.DelayedOperationPurgatory$ExpiredOperationReaper)
[2026-09-09 19:14:33,236] INFO [ExpirationReaper-1-RemoteFetch]: Stopped (kafka.server.DelayedOperationPurgatory$ExpiredOperationReaper)
[2026-09-09 19:14:33,236] INFO [ExpirationReaper-1-RemoteFetch]: Shutdown completed (kafka.server.DelayedOperationPurgatory$ExpiredOperationReaper)
[2026-09-09 19:14:33,238] INFO [ExpirationReaper-1-Produce]: Shutting down (kafka.server.DelayedOperationPurgatory$ExpiredOperationReaper)
[2026-09-09 19:14:33,238] INFO [ExpirationReaper-1-Produce]: Stopped (kafka.server.DelayedOperationPurgatory$ExpiredOperationReaper)
[2026-09-09 19:14:33,238] INFO [ExpirationReaper-1-Produce]: Shutdown completed (kafka.server.DelayedOperationPurgatory$ExpiredOperationReaper)
[2026-09-09 19:14:33,239] INFO [ExpirationReaper-1-DeleteRecords]: Shutting down (kafka.server.DelayedOperationPurgatory$ExpiredOperationReaper)
[2026-09-09 19:14:33,239] INFO [ExpirationReaper-1-DeleteRecords]: Stopped (kafka.server.DelayedOperationPurgatory$ExpiredOperationReaper)
[2026-09-09 19:14:33,239] INFO [ExpirationReaper-1-DeleteRecords]: Shutdown completed (kafka.server.DelayedOperationPurgatory$ExpiredOperationReaper)
[2026-09-09 19:14:33,239] INFO [ExpirationReaper-1-ElectLeader]: Shutting down (kafka.server.DelayedOperationPurgatory$ExpiredOperationReaper)
[2026-09-09 19:14:33,239] INFO [ExpirationReaper-1-ElectLeader]: Stopped (kafka.server.DelayedOperationPurgatory$ExpiredOperationReaper)
[2026-09-09 19:14:33,239] INFO [ExpirationReaper-1-ElectLeader]: Shutdown completed (kafka.server.DelayedOperationPurgatory$ExpiredOperationReaper)
[2026-09-09 19:14:33,242] INFO [AddPartitionsToTxnSenderThread-1]: Shutting down (kafka.server.AddPartitionsToTxnManager)
[2026-09-09 19:14:33,253] INFO [AddPartitionsToTxnSenderThread-1]: Stopped (kafka.server.AddPartitionsToTxnManager)
[2026-09-09 19:14:33,253] INFO [AddPartitionsToTxnSenderThread-1]: Shutdown completed (kafka.server.AddPartitionsToTxnManager)
[2026-09-09 19:14:33,253] INFO [ReplicaManager broker=1] Shut down completely (kafka.server.ReplicaManager)
[2026-09-09 19:14:33,253] INFO [broker-1-to-controller-alter-partition-channel-manager]: Shutting down (kafka.server.NodeToControllerRequestThread)
[2026-09-09 19:14:33,253] INFO [broker-1-to-controller-alter-partition-channel-manager]: Stopped (kafka.server.NodeToControllerRequestThread)
[2026-09-09 19:14:33,253] INFO [broker-1-to-controller-alter-partition-channel-manager]: Shutdown completed (kafka.server.NodeToControllerRequestThread)
[2026-09-09 19:14:33,256] INFO Node to controller channel manager for alter-partition shutdown (kafka.server.NodeToControllerChannelManagerImpl)
[2026-09-09 19:14:33,256] INFO [broker-1-to-controller-forwarding-channel-manager]: Shutting down (kafka.server.NodeToControllerRequestThread)
[2026-09-09 19:14:33,256] INFO [broker-1-to-controller-forwarding-channel-manager]: Stopped (kafka.server.NodeToControllerRequestThread)
[2026-09-09 19:14:33,256] INFO [broker-1-to-controller-forwarding-channel-manager]: Shutdown completed (kafka.server.NodeToControllerRequestThread)
[2026-09-09 19:14:33,258] INFO Node to controller channel manager for forwarding shutdown (kafka.server.NodeToControllerChannelManagerImpl)
[2026-09-09 19:14:33,258] INFO Shutting down. (kafka.log.LogManager)
[2026-09-09 19:14:33,258] INFO [kafka-log-cleaner-thread-0]: Shutting down (kafka.log.LogCleaner$CleanerThread)
[2026-09-09 19:14:33,258] INFO [kafka-log-cleaner-thread-0]: Stopped (kafka.log.LogCleaner$CleanerThread)
[2026-09-09 19:14:33,258] INFO [kafka-log-cleaner-thread-0]: Shutdown completed (kafka.log.LogCleaner$CleanerThread)
[2026-09-09 19:14:33,330] INFO [ProducerStateManager partition=order-status-retry-0] Wrote producer snapshot at offset 4 with 0 producer ids in 3 ms. (org.apache.kafka.storage.internals.log.ProducerStateManager)
[2026-09-09 19:14:33,372] INFO [ProducerStateManager partition=__consumer_offsets-27] Wrote producer snapshot at offset 3 with 0 producer ids in 3 ms. (org.apache.kafka.storage.internals.log.ProducerStateManager)
[2026-09-09 19:14:33,386] INFO [ProducerStateManager partition=orders-1] Wrote producer snapshot at offset 1 with 0 producer ids in 6 ms. (org.apache.kafka.storage.internals.log.ProducerStateManager)
[2026-09-09 19:14:33,392] INFO [ProducerStateManager partition=__consumer_offsets-36] Wrote producer snapshot at offset 15 with 0 producer ids in 3 ms. (org.apache.kafka.storage.internals.log.ProducerStateManager)
[2026-09-09 19:14:33,546] INFO [ProducerStateManager partition=order-status-events-0] Wrote producer snapshot at offset 13 with 0 producer ids in 3 ms. (org.apache.kafka.storage.internals.log.ProducerStateManager)
[2026-09-09 19:14:33,556] INFO [ProducerStateManager partition=__consumer_offsets-17] Wrote producer snapshot at offset 44 with 0 producer ids in 4 ms. (org.apache.kafka.storage.internals.log.ProducerStateManager)
[2026-09-09 19:14:33,586] INFO [ProducerStateManager partition=orders-2] Wrote producer snapshot at offset 1 with 0 producer ids in 5 ms. (org.apache.kafka.storage.internals.log.ProducerStateManager)
[2026-09-09 19:14:33,623] INFO [ProducerStateManager partition=order-status-dlq-0] Wrote producer snapshot at offset 4 with 0 producer ids in 3 ms. (org.apache.kafka.storage.internals.log.ProducerStateManager)
[2026-09-09 19:14:33,761] INFO Shutdown complete. (kafka.log.LogManager)
[2026-09-09 19:14:33,761] INFO [broker-1-ThrottledChannelReaper-Fetch]: Shutting down (kafka.server.ClientQuotaManager$ThrottledChannelReaper)
[2026-09-09 19:14:33,761] INFO [broker-1-ThrottledChannelReaper-Fetch]: Stopped (kafka.server.ClientQuotaManager$ThrottledChannelReaper)
[2026-09-09 19:14:33,761] INFO [broker-1-ThrottledChannelReaper-Fetch]: Shutdown completed (kafka.server.ClientQuotaManager$ThrottledChannelReaper)
[2026-09-09 19:14:33,773] INFO [broker-1-ThrottledChannelReaper-Produce]: Shutting down (kafka.server.ClientQuotaManager$ThrottledChannelReaper)
[2026-09-09 19:14:33,773] INFO [broker-1-ThrottledChannelReaper-Produce]: Stopped (kafka.server.ClientQuotaManager$ThrottledChannelReaper)
[2026-09-09 19:14:33,773] INFO [broker-1-ThrottledChannelReaper-Produce]: Shutdown completed (kafka.server.ClientQuotaManager$ThrottledChannelReaper)
[2026-09-09 19:14:33,774] INFO [broker-1-ThrottledChannelReaper-Request]: Shutting down (kafka.server.ClientQuotaManager$ThrottledChannelReaper)
[2026-09-09 19:14:33,774] INFO [broker-1-ThrottledChannelReaper-Request]: Stopped (kafka.server.ClientQuotaManager$ThrottledChannelReaper)
[2026-09-09 19:14:33,774] INFO [broker-1-ThrottledChannelReaper-Request]: Shutdown completed (kafka.server.ClientQuotaManager$ThrottledChannelReaper)
[2026-09-09 19:14:33,774] INFO [broker-1-ThrottledChannelReaper-ControllerMutation]: Shutting down (kafka.server.ClientQuotaManager$ThrottledChannelReaper)
[2026-09-09 19:14:33,774] INFO [broker-1-ThrottledChannelReaper-ControllerMutation]: Stopped (kafka.server.ClientQuotaManager$ThrottledChannelReaper)
[2026-09-09 19:14:33,774] INFO [broker-1-ThrottledChannelReaper-ControllerMutation]: Shutdown completed (kafka.server.ClientQuotaManager$ThrottledChannelReaper)
[2026-09-09 19:14:33,775] INFO [SocketServer listenerType=BROKER, nodeId=1] Shutting down socket server (kafka.network.SocketServer)
[2026-09-09 19:14:33,805] INFO [SocketServer listenerType=BROKER, nodeId=1] Shutdown completed (kafka.network.SocketServer)
[2026-09-09 19:14:33,805] INFO Broker and topic stats closed (kafka.server.BrokerTopicStats)
[2026-09-09 19:14:33,805] INFO [BrokerLifecycleManager id=1] closed event queue. (org.apache.kafka.queue.KafkaEventQueue)
[2026-09-09 19:14:33,805] INFO [BrokerServer id=1] shut down completed (kafka.server.BrokerServer)
[2026-09-09 19:14:33,805] INFO [BrokerServer id=1] Transition from SHUTTING_DOWN to SHUTDOWN (kafka.server.BrokerServer)
[2026-09-09 19:14:33,805] INFO [ControllerServer id=1] shutting down (kafka.server.ControllerServer)
[2026-09-09 19:14:33,818] INFO [raft-expiration-reaper]: Shutting down (kafka.raft.TimingWheelExpirationService$ExpiredOperationReaper)
[2026-09-09 19:14:33,839] INFO [raft-expiration-reaper]: Shutdown completed (kafka.raft.TimingWheelExpirationService$ExpiredOperationReaper)
[2026-09-09 19:14:33,839] INFO [raft-expiration-reaper]: Stopped (kafka.raft.TimingWheelExpirationService$ExpiredOperationReaper)
[2026-09-09 19:14:33,840] INFO [kafka-1-raft-io-thread]: Shutting down (kafka.raft.KafkaRaftManager$RaftIoThread)
[2026-09-09 19:14:33,840] INFO [RaftManager id=1] Beginning graceful shutdown (org.apache.kafka.raft.KafkaRaftClient)
[2026-09-09 19:14:33,840] INFO [RaftManager id=1] Graceful shutdown completed (org.apache.kafka.raft.KafkaRaftClient)
[2026-09-09 19:14:33,840] INFO [kafka-1-raft-io-thread]: Completed graceful shutdown of RaftClient (kafka.raft.KafkaRaftManager$RaftIoThread)
[2026-09-09 19:14:33,840] INFO [kafka-1-raft-io-thread]: Shutdown completed (kafka.raft.KafkaRaftManager$RaftIoThread)
[2026-09-09 19:14:33,840] INFO [kafka-1-raft-io-thread]: Stopped (kafka.raft.KafkaRaftManager$RaftIoThread)
[2026-09-09 19:14:33,849] INFO [kafka-1-raft-outbound-request-thread]: Shutting down (org.apache.kafka.raft.KafkaNetworkChannel$SendThread)
[2026-09-09 19:14:33,849] INFO [kafka-1-raft-outbound-request-thread]: Shutdown completed (org.apache.kafka.raft.KafkaNetworkChannel$SendThread)
[2026-09-09 19:14:33,849] INFO [kafka-1-raft-outbound-request-thread]: Stopped (org.apache.kafka.raft.KafkaNetworkChannel$SendThread)
[2026-09-09 19:14:33,852] INFO [ProducerStateManager partition=__cluster_metadata-0] Wrote producer snapshot at offset 10788 with 0 producer ids in 4 ms. (org.apache.kafka.storage.internals.log.ProducerStateManager)
[2026-09-09 19:14:33,852] INFO [ControllerRegistrationManager id=1 incarnation=HKc9zPbNQlKPgcwlHmiNVA] beginShutdown: shutting down event queue. (org.apache.kafka.queue.KafkaEventQueue)
[2026-09-09 19:14:33,852] INFO [ControllerRegistrationManager id=1 incarnation=HKc9zPbNQlKPgcwlHmiNVA] shutting down. (kafka.server.ControllerRegistrationManager)
[2026-09-09 19:14:33,868] INFO [controller-1-to-controller-registration-channel-manager]: Shutting down (kafka.server.NodeToControllerRequestThread)
[2026-09-09 19:14:33,868] INFO [controller-1-to-controller-registration-channel-manager]: Stopped (kafka.server.NodeToControllerRequestThread)
[2026-09-09 19:14:33,868] INFO [controller-1-to-controller-registration-channel-manager]: Shutdown completed (kafka.server.NodeToControllerRequestThread)
[2026-09-09 19:14:33,868] INFO Node to controller channel manager for registration shutdown (kafka.server.NodeToControllerChannelManagerImpl)
[2026-09-09 19:14:33,868] INFO [ControllerRegistrationManager id=1 incarnation=HKc9zPbNQlKPgcwlHmiNVA] closed event queue. (org.apache.kafka.queue.KafkaEventQueue)
[2026-09-09 19:14:33,868] INFO [controller-1-to-controller-registration-channel-manager]: Shutdown completed (kafka.server.NodeToControllerRequestThread)
[2026-09-09 19:14:33,868] WARN [NodeToControllerChannelManager id=1 name=registration] Attempting to close NetworkClient that has already been closed. (org.apache.kafka.clients.NetworkClient)
[2026-09-09 19:14:33,868] INFO Node to controller channel manager for registration shutdown (kafka.server.NodeToControllerChannelManagerImpl)
[2026-09-09 19:14:33,868] INFO [ControllerRegistrationManager id=1 incarnation=HKc9zPbNQlKPgcwlHmiNVA] closed event queue. (org.apache.kafka.queue.KafkaEventQueue)
[2026-09-09 19:14:33,868] INFO [SocketServer listenerType=CONTROLLER, nodeId=1] Stopping socket server request processors (kafka.network.SocketServer)
[2026-09-09 19:14:33,880] INFO [SocketServer listenerType=CONTROLLER, nodeId=1] Stopped socket server request processors (kafka.network.SocketServer)
[2026-09-09 19:14:33,880] INFO [QuorumController id=1] QuorumController#beginShutdown: shutting down event queue. (org.apache.kafka.queue.KafkaEventQueue)
[2026-09-09 19:14:33,880] INFO [SocketServer listenerType=CONTROLLER, nodeId=1] Shutting down socket server (kafka.network.SocketServer)
[2026-09-09 19:14:33,893] INFO [SocketServer listenerType=CONTROLLER, nodeId=1] Shutdown completed (kafka.network.SocketServer)
[2026-09-09 19:14:33,893] INFO [data-plane Kafka Request Handler on Broker 1], shutting down (kafka.server.KafkaRequestHandlerPool)
[2026-09-09 19:14:33,893] INFO [data-plane Kafka Request Handler on Broker 1], shut down completely (kafka.server.KafkaRequestHandlerPool)
[2026-09-09 19:14:33,893] INFO [ExpirationReaper-1-AlterAcls]: Shutting down (kafka.server.DelayedOperationPurgatory$ExpiredOperationReaper)
[2026-09-09 19:14:33,893] INFO [ExpirationReaper-1-AlterAcls]: Stopped (kafka.server.DelayedOperationPurgatory$ExpiredOperationReaper)
[2026-09-09 19:14:33,893] INFO [ExpirationReaper-1-AlterAcls]: Shutdown completed (kafka.server.DelayedOperationPurgatory$ExpiredOperationReaper)
[2026-09-09 19:14:33,893] INFO [controller-1-ThrottledChannelReaper-Fetch]: Shutting down (kafka.server.ClientQuotaManager$ThrottledChannelReaper)
[2026-09-09 19:14:33,893] INFO [controller-1-ThrottledChannelReaper-Fetch]: Stopped (kafka.server.ClientQuotaManager$ThrottledChannelReaper)
[2026-09-09 19:14:33,893] INFO [controller-1-ThrottledChannelReaper-Fetch]: Shutdown completed (kafka.server.ClientQuotaManager$ThrottledChannelReaper)
[2026-09-09 19:14:33,908] INFO [controller-1-ThrottledChannelReaper-Produce]: Shutting down (kafka.server.ClientQuotaManager$ThrottledChannelReaper)
[2026-09-09 19:14:33,908] INFO [controller-1-ThrottledChannelReaper-Produce]: Shutdown completed (kafka.server.ClientQuotaManager$ThrottledChannelReaper)
[2026-09-09 19:14:33,908] INFO [controller-1-ThrottledChannelReaper-Request]: Shutting down (kafka.server.ClientQuotaManager$ThrottledChannelReaper)
[2026-09-09 19:14:33,908] INFO [controller-1-ThrottledChannelReaper-Request]: Stopped (kafka.server.ClientQuotaManager$ThrottledChannelReaper)
[2026-09-09 19:14:33,908] INFO [controller-1-ThrottledChannelReaper-Request]: Shutdown completed (kafka.server.ClientQuotaManager$ThrottledChannelReaper)
[2026-09-09 19:14:33,908] INFO [controller-1-ThrottledChannelReaper-ControllerMutation]: Shutting down (kafka.server.ClientQuotaManager$ThrottledChannelReaper)
[2026-09-09 19:14:33,908] INFO [controller-1-ThrottledChannelReaper-Produce]: Stopped (kafka.server.ClientQuotaManager$ThrottledChannelReaper)
[2026-09-09 19:14:33,919] INFO [controller-1-ThrottledChannelReaper-ControllerMutation]: Shutdown completed (kafka.server.ClientQuotaManager$ThrottledChannelReaper)
[2026-09-09 19:14:33,919] INFO [QuorumController id=1] closed event queue. (org.apache.kafka.queue.KafkaEventQueue)
[2026-09-09 19:14:33,919] INFO [controller-1-ThrottledChannelReaper-ControllerMutation]: Stopped (kafka.server.ClientQuotaManager$ThrottledChannelReaper)
[2026-09-09 19:14:33,919] INFO [SharedServer id=1] Stopping SharedServer (kafka.server.SharedServer)
[2026-09-09 19:14:33,919] INFO [MetadataLoader id=1] beginShutdown: shutting down event queue. (org.apache.kafka.queue.KafkaEventQueue)
[2026-09-09 19:14:33,919] INFO [SnapshotGenerator id=1] close: shutting down event queue. (org.apache.kafka.queue.KafkaEventQueue)
[2026-09-09 19:14:33,935] INFO [SnapshotGenerator id=1] closed event queue. (org.apache.kafka.queue.KafkaEventQueue)
[2026-09-09 19:14:33,935] INFO [MetadataLoader id=1] closed event queue. (org.apache.kafka.queue.KafkaEventQueue)
[2026-09-09 19:14:33,935] INFO [SnapshotGenerator id=1] closed event queue. (org.apache.kafka.queue.KafkaEventQueue)
[2026-09-09 19:14:33,957] INFO Metrics scheduler closed (org.apache.kafka.common.metrics.Metrics)
[2026-09-09 19:14:33,957] INFO Closing reporter org.apache.kafka.common.metrics.JmxReporter (org.apache.kafka.common.metrics.Metrics)
[2026-09-09 19:14:33,957] INFO Metrics reporters closed (org.apache.kafka.common.metrics.Metrics)
[2026-09-09 19:14:33,973] INFO App info kafka.server for 1 unregistered (org.apache.kafka.common.utils.AppInfoParser)
[2026-09-09 19:14:33,973] INFO App info kafka.server for 1 unregistered (org.apache.kafka.common.utils.AppInfoParser)
